### scripts/orch/gr cargo build -p graph-core --target wasm32-unknown-unknown
warning: crates/graph-wasm/Cargo.toml: the cargo feature `edition2024` has been stabilized in the 1.85 release and is no longer necessary to be listed in the manifest
  See https://doc.rust-lang.org/cargo/reference/manifest.html#the-edition-field for more information about using this feature.
warning: `graph-wasm` (manifest) generated 1 warning
warning: crates/graph-core/Cargo.toml: the cargo feature `edition2024` has been stabilized in the 1.85 release and is no longer necessary to be listed in the manifest
  See https://doc.rust-lang.org/cargo/reference/manifest.html#the-edition-field for more information about using this feature.
warning: `graph-core` (manifest) generated 1 warning
warning: crates/graph-cli/Cargo.toml: the cargo feature `edition2024` has been stabilized in the 1.85 release and is no longer necessary to be listed in the manifest
  See https://doc.rust-lang.org/cargo/reference/manifest.html#the-edition-field for more information about using this feature.
warning: `graph-cli` (manifest) generated 1 warning
warning: crates/graph-contract/Cargo.toml: the cargo feature `edition2024` has been stabilized in the 1.85 release and is no longer necessary to be listed in the manifest
  See https://doc.rust-lang.org/cargo/reference/manifest.html#the-edition-field for more information about using this feature.
warning: `graph-contract` (manifest) generated 1 warning
    Finished `dev` profile [unoptimized + debuginfo] target(s) in 0.05s
EXIT=0
### scripts/orch/gr cargo test -q -p graph-core --lib layout::sugiyama::measurement -- --ignored dump_crossing_measurements

running 1 test
.
test result: ok. 1 passed; 0 failed; 0 ignored; 0 measured; 1265 filtered out; finished in 0.38s

EXIT=0
### crossings vs docs/measurements/phase05-crossings.md
ok   chain: ours 0, doc 0
ok   diamond: ours 0, doc 0
ok   cyclic: ours 0, doc 0
ok   multi-span: ours 0, doc 0
ok   wide-layer: ours 36, doc 36
ok   disconnected: ours 0, doc 0
MOVED sweep: 230 graphs, sumOurs 5206, doc 5242
sweep graphs with crossings: 159
EXIT=1
### parallel-arcs crossings (not in the doc table)
parallel-arcs ours 0 nodes 4 edges 6
### scripts/orch/gr cargo run -q -p graph-cli -- hashgate --seeds 8
hashgate: 4 arms, tiers base
hashgate: wasm artifact /w/crates/graph-cli/../../target/wasm32-unknown-unknown/release/graph_wasm.wasm sha256 44019057b3eb53d1ebd7e2566e9d54b568295cb01ad607b253dc6535265ee489
hashgate: stages=topology,layout.grid,layout.tree.tidy,layout.treemap.squarified,layout.circular.radial,layout.packing.circle,layout.spectral,layout.mds.pivot,layout.force.barnes_hut,layout.forceatlas2,layout.dag.sugiyama,layout.random,layout.circular.ring,layout.spiral,layout.bipartite,layout.force.yifan_hu,layout.force.fruchterman_reingold,layout.force.kamada_kawai,layout.force.graphopt,layout.force.davidson_harel,layout.force.lgl,layout.force.drl,layout.twopi,layout.packing.osage,layout.force.spring,layout.circular.hierarchy,layout.circular.circo,layout.treemap.patchwork,layout.force.neato,layout.force.fdp,layout.basic3d.sphere,layout.basic3d.helix,layout.basic3d.cube,layout.hierarchical3d,layout.force.spring3d,layout.force.sfdp,layout.forceatlas2.barnes_hut,layout.bipartite_3d,layout.basic3d.spiral,layout.force.particle_mesh,analysis.components.weak,analysis.components.strong,analysis.communities.louvain,analysis.centrality.degree,analysis.centrality.closeness,analysis.centrality.betweenness,analysis.centrality.eigenvector,analysis.depth.bfs,post.bundle.fdeb,post.bundle.mingle,post.route.grid,post.style.straight,post.style.orthogonal,post.style.quadratic,post.style.bezier,transport.wasm.columnar seeds=8 control=none
  native run 1  digest 440666ed1791f3b3f35e14a67a638050c410289f1a212c9c03781d897f9175d8
  native run 2  digest 440666ed1791f3b3f35e14a67a638050c410289f1a212c9c03781d897f9175d8
  wasm32 run 1  digest 440666ed1791f3b3f35e14a67a638050c410289f1a212c9c03781d897f9175d8
  wasm32 run 2  digest 440666ed1791f3b3f35e14a67a638050c410289f1a212c9c03781d897f9175d8
  topology: 4-way equal on 8/8 seeds
  layout.grid: 4-way equal on 8/8 seeds
  layout.tree.tidy: 4-way equal on 8/8 seeds
  layout.treemap.squarified: 4-way equal on 8/8 seeds
  layout.circular.radial: 4-way equal on 8/8 seeds
  layout.packing.circle: 4-way equal on 8/8 seeds
  layout.spectral: 4-way equal on 8/8 seeds
  layout.mds.pivot: 4-way equal on 8/8 seeds
  layout.force.barnes_hut: 4-way equal on 8/8 seeds
  layout.forceatlas2: 4-way equal on 8/8 seeds
  layout.dag.sugiyama: 4-way equal on 8/8 seeds
  layout.random: 4-way equal on 8/8 seeds
  layout.circular.ring: 4-way equal on 8/8 seeds
  layout.spiral: 4-way equal on 8/8 seeds
  layout.bipartite: 4-way equal on 8/8 seeds
  layout.force.yifan_hu: 4-way equal on 8/8 seeds
  layout.force.fruchterman_reingold: 4-way equal on 8/8 seeds
  layout.force.kamada_kawai: 4-way equal on 8/8 seeds
  layout.force.graphopt: 4-way equal on 8/8 seeds
  layout.force.davidson_harel: 4-way equal on 8/8 seeds
  layout.force.lgl: 4-way equal on 8/8 seeds
  layout.force.drl: 4-way equal on 8/8 seeds
  layout.twopi: 4-way equal on 8/8 seeds
  layout.packing.osage: 4-way equal on 8/8 seeds
  layout.force.spring: 4-way equal on 8/8 seeds
  layout.circular.hierarchy: 4-way equal on 8/8 seeds
  layout.circular.circo: 4-way equal on 8/8 seeds
  layout.treemap.patchwork: 4-way equal on 8/8 seeds
  layout.force.neato: 4-way equal on 8/8 seeds
  layout.force.fdp: 4-way equal on 8/8 seeds
  layout.basic3d.sphere: 4-way equal on 8/8 seeds
  layout.basic3d.helix: 4-way equal on 8/8 seeds
  layout.basic3d.cube: 4-way equal on 8/8 seeds
  layout.hierarchical3d: 4-way equal on 8/8 seeds
  layout.force.spring3d: 4-way equal on 8/8 seeds
  layout.force.sfdp: 4-way equal on 8/8 seeds
  layout.forceatlas2.barnes_hut: 4-way equal on 8/8 seeds
  layout.bipartite_3d: 4-way equal on 8/8 seeds
  layout.basic3d.spiral: 4-way equal on 8/8 seeds
  layout.force.particle_mesh: 4-way equal on 8/8 seeds
  analysis.components.weak: 4-way equal on 8/8 seeds
  analysis.components.strong: 4-way equal on 8/8 seeds
  analysis.communities.louvain: 4-way equal on 8/8 seeds
  analysis.centrality.degree: 4-way equal on 8/8 seeds
  analysis.centrality.closeness: 4-way equal on 8/8 seeds
  analysis.centrality.betweenness: 4-way equal on 8/8 seeds
  analysis.centrality.eigenvector: 4-way equal on 8/8 seeds
  analysis.depth.bfs: 4-way equal on 8/8 seeds
  post.bundle.fdeb: 4-way equal on 8/8 seeds
  post.bundle.mingle: 4-way equal on 8/8 seeds
  post.route.grid: 4-way equal on 8/8 seeds
  post.style.straight: 4-way equal on 8/8 seeds
  post.style.orthogonal: 4-way equal on 8/8 seeds
  post.style.quadratic: 4-way equal on 8/8 seeds
  post.style.bezier: 4-way equal on 8/8 seeds
  transport.wasm.columnar: 4-way equal on 8/8 seeds
  transport.wasm.columnar: the real ABI matched layout.grid on 8/8 seeds
  4-way equal on 8/8 seeds
PASS
EXIT=0
### roundtrip unit-level dag arm on the whole seeded sweep
### scripts/orch/gr cargo test -q -p graph-core --lib layout::sugiyama

running 35 tests
.....i..............i..............
test result: ok. 33 passed; 0 failed; 2 ignored; 0 measured; 1231 filtered out; finished in 0.28s

EXIT=0
