### pre-fix sources in place; the unit tests that are GREEN now:

running 35 tests
........i.........i................
test result: ok. 33 passed; 0 failed; 2 ignored; 0 measured; 1231 filtered out; finished in 0.17s

### pre-fix crossing dump, our own side of the dagre differential
running 1 test
.
test result: ok. 1 passed; 0 failed; 0 ignored; 0 measured; 1265 filtered out; finished in 0.28s

ok   chain: ours 0, doc 0
ok   diamond: ours 0, doc 0
ok   cyclic: ours 0, doc 0
ok   multi-span: ours 0, doc 0
ok   wide-layer: ours 36, doc 36
ok   disconnected: ours 0, doc 0
MOVED sweep: 230 graphs, sumOurs 5206, doc 5242
sweep graphs with crossings: 159
### pre-fix roundtrip --seeds 100: the row's own control
roundtrip: seeds=100 snapshots=4000 (every registered layout + contract exercise)
  binary <-> JSON byte-exact on 4000/4000 snapshots
  layout.grid on its stated conventions on 100/100 seeds
  layout.circular.radial on its stated conventions on 100/100 seeds
  layout.packing.circle on its stated conventions on 100/100 seeds
  layout.dag.sugiyama on its structural invariants on 100/100 seeds
  3D exercise snapshots (dim 1, z column) round-tripped: 33
  notes cases drawn (exercise, each needed): 0.2-labelled 13, 0.3 k=0 33, code 1 34, code 2 34, code 3 20
PASS
PREFIX_ROUNDTRIP_EXIT=0
### restore check (empty diff = the fixed sources are back)
