   Compiling proc-macro2 v1.0.107
   Compiling quote v1.0.47
   Compiling unicode-ident v1.0.26
   Compiling serde_core v1.0.229
   Compiling zmij v1.0.23
   Compiling ref-cast v1.0.27
   Compiling serde_json v1.0.151
   Compiling serde v1.0.229
   Compiling memchr v2.8.3
   Compiling syn v3.0.6
   Compiling itoa v1.0.18
   Compiling dyn-clone v1.0.20
   Compiling serde_derive_internals v0.30.0
   Compiling ref-cast-impl v1.0.27
   Compiling serde_derive v1.0.229
   Compiling schemars_derive v1.2.2
   Compiling schemars v1.2.2
   Compiling graph-contract v0.1.0 (/w/crates/graph-contract)
   Compiling graph-core v0.1.0 (/w/crates/graph-core)
    Finished `release` profile [optimized] target(s) in 10.80s
     Running `target/release/examples/force_dump seed 0 220 barnes_hut`
layout=barnes_hut nodes=220 edges=329 elapsed_ms=33.829069000000004
